// Jest Snapshot v1, https://goo.gl/fbAQLP

exports[`OHLC Render OHLC Screen 1`] = `null`;
